---
source: crates/isobmff/src/file.rs
expression: og_file
snapshot_kind: text
---
IsobmffFile {
    empty_header: EmptyHeader,
    ftyp: FileTypeBox {
        header: BoxHeader {
            size: Short(
                32,
            ),
            box_type: FourCc(
                "ftyp",
            ),
        },
        major_brand: Brand::IsoM,
        minor_version: 512,
        compatible_brands: [
            Brand::IsoM,
            Brand::Iso2,
            Brand::Avc1,
            Brand::Mp41,
        ],
    },
    etyp: [],
    otyp: [],
    pdin: None,
    moov: MovieBox {
        header: BoxHeader {
            size: Short(
                6303,
            ),
            box_type: FourCc(
                "moov",
            ),
        },
        mvhd: MovieHeaderBox {
            header: FullBoxHeader {
                header: BoxHeader {
                    size: Short(
                        108,
                    ),
                    box_type: FourCc(
                        "mvhd",
                    ),
                },
                version: 0,
                flags: U24Be(
                    0,
                ),
            },
            creation_time: 0,
            modification_time: 0,
            timescale: 1000,
            duration: 4667,
            rate: 65536,
            volume: 256,
            reserved1: 0,
            reserved2: 0,
            matrix: [
                65536,
                0,
                0,
                0,
                65536,
                0,
                0,
                0,
                1073741824,
            ],
            pre_defined: [
                0,
                0,
                0,
                0,
                0,
                0,
            ],
            next_track_id: 3,
        },
        meta: None,
        trak: [
            TrackBox {
                header: BoxHeader {
                    size: Short(
                        2708,
                    ),
                    box_type: FourCc(
                        "trak",
                    ),
                },
                tkhd: TrackHeaderBox {
                    header: FullBoxHeader {
                        header: BoxHeader {
                            size: Short(
                                92,
                            ),
                            box_type: FourCc(
                                "tkhd",
                            ),
                        },
                        version: 0,
                        flags: U24Be(
                            3,
                        ),
                    },
                    creation_time: 0,
                    modification_time: 0,
                    track_id: 1,
                    reserved1: 0,
                    duration: 4667,
                    reserved2: 0,
                    layer: 0,
                    alternate_group: 0,
                    volume: 0,
                    reserved3: 0,
                    matrix: [
                        65536,
                        0,
                        0,
                        0,
                        65536,
                        0,
                        0,
                        0,
                        1073741824,
                    ],
                    width: 31457280,
                    height: 55836672,
                },
                tref: None,
                trgr: None,
                edts: Some(
                    EditBox {
                        header: BoxHeader {
                            size: Short(
                                36,
                            ),
                            box_type: FourCc(
                                "edts",
                            ),
                        },
                        elst: Some(
                            EditListBox {
                                header: FullBoxHeader {
                                    header: BoxHeader {
                                        size: Short(
                                            28,
                                        ),
                                        box_type: FourCc(
                                            "elst",
                                        ),
                                    },
                                    version: 0,
                                    flags: U24Be(
                                        0,
                                    ),
                                },
                                entry_count: 1,
                                entries: [
                                    EditListBoxEntry {
                                        edit_duration: 4667,
                                        media_time: 1024,
                                        media_rate_integer: 1,
                                        media_rate_fraction: 0,
                                    },
                                ],
                            },
                        ),
                    },
                ),
                ttyp: None,
                meta: None,
                mdia: MediaBox {
                    header: BoxHeader {
                        size: Short(
                            2572,
                        ),
                        box_type: FourCc(
                            "mdia",
                        ),
                    },
                    mdhd: MediaHeaderBox {
                        header: FullBoxHeader {
                            header: BoxHeader {
                                size: Short(
                                    32,
                                ),
                                box_type: FourCc(
                                    "mdhd",
                                ),
                            },
                            version: 0,
                            flags: U24Be(
                                0,
                            ),
                        },
                        creation_time: 0,
                        modification_time: 0,
                        timescale: 15360,
                        duration: 71680,
                        language: Langauge(
                            [
                                21,
                                14,
                                4,
                            ],
                        ),
                        pre_defined: 0,
                    },
                    hdlr: HandlerBox {
                        header: FullBoxHeader {
                            header: BoxHeader {
                                size: Short(
                                    49,
                                ),
                                box_type: FourCc(
                                    "hdlr",
                                ),
                            },
                            version: 0,
                            flags: U24Be(
                                0,
                            ),
                        },
                        pre_defined: 0,
                        handler_type: HandlerType::Video,
                        reserved: [
                            0,
                            0,
                            0,
                        ],
                        name: Utf8String(
                            "Core Media Video",
                        ),
                    },
                    elng: None,
                    minf: MediaInformationBox {
                        header: BoxHeader {
                            size: Short(
                                2483,
                            ),
                            box_type: FourCc(
                                "minf",
                            ),
                        },
                        vmhd: Some(
                            VideoMediaHeaderBox {
                                header: FullBoxHeader {
                                    header: BoxHeader {
                                        size: Short(
                                            20,
                                        ),
                                        box_type: FourCc(
                                            "vmhd",
                                        ),
                                    },
                                    version: 0,
                                    flags: U24Be(
                                        1,
                                    ),
                                },
                                graphicsmode: 0,
                                opcolor: [
                                    0,
                                    0,
                                    0,
                                ],
                            },
                        ),
                        smhd: None,
                        hmhd: None,
                        sthd: None,
                        vvhd: None,
                        unknown_boxes: [],
                        dinf: DataInformationBox {
                            header: BoxHeader {
                                size: Short(
                                    36,
                                ),
                                box_type: FourCc(
                                    "dinf",
                                ),
                            },
                            dref: DataReferenceBox {
                                header: FullBoxHeader {
                                    header: BoxHeader {
                                        size: Short(
                                            28,
                                        ),
                                        box_type: FourCc(
                                            "dref",
                                        ),
                                    },
                                    version: 0,
                                    flags: U24Be(
                                        0,
                                    ),
                                },
                                entry_count: 1,
                                url: [
                                    DataEntryUrlBox {
                                        header: FullBoxHeader {
                                            header: BoxHeader {
                                                size: Short(
                                                    12,
                                                ),
                                                box_type: FourCc(
                                                    "url ",
                                                ),
                                            },
                                            version: 0,
                                            flags: U24Be(
                                                1,
                                            ),
                                        },
                                        location: None,
                                    },
                                ],
                                urn: [],
                                imda: [],
                                snim: [],
                                unknown_boxes: [],
                            },
                        },
                        stbl: SampleTableBox {
                            header: BoxHeader {
                                size: Short(
                                    2419,
                                ),
                                box_type: FourCc(
                                    "stbl",
                                ),
                            },
                            stsd: SampleDescriptionBox {
                                header: FullBoxHeader {
                                    header: BoxHeader {
                                        size: Short(
                                            199,
                                        ),
                                        box_type: FourCc(
                                            "stsd",
                                        ),
                                    },
                                    version: 0,
                                    flags: U24Be(
                                        0,
                                    ),
                                },
                                entry_count: 1,
                                unknown_boxes: [
                                    UnknownBox {
                                        header: BoxHeader {
                                            size: Short(
                                                183,
                                            ),
                                            box_type: FourCc(
                                                "avc1",
                                            ),
                                        },
                                        data.len: 175,
                                    },
                                ],
                            },
                            stts: TimeToSampleBox {
                                header: FullBoxHeader {
                                    header: BoxHeader {
                                        size: Short(
                                            24,
                                        ),
                                        box_type: FourCc(
                                            "stts",
                                        ),
                                    },
                                    version: 0,
                                    flags: U24Be(
                                        0,
                                    ),
                                },
                                entry_count: 1,
                                entries: [
                                    TimeToSampleBoxEntry {
                                        sample_count: 140,
                                        sample_delta: 512,
                                    },
                                ],
                            },
                            ctts: Some(
                                CompositionOffsetBox {
                                    header: FullBoxHeader {
                                        header: BoxHeader {
                                            size: Short(
                                                976,
                                            ),
                                            box_type: FourCc(
                                                "ctts",
                                            ),
                                        },
                                        version: 0,
                                        flags: U24Be(
                                            0,
                                        ),
                                    },
                                    entry_count: 120,
                                    entries.len: 120,
                                },
                            ),
                            cslg: None,
                            stsc: SampleToChunkBox {
                                header: FullBoxHeader {
                                    header: BoxHeader {
                                        size: Short(
                                            40,
                                        ),
                                        box_type: FourCc(
                                            "stsc",
                                        ),
                                    },
                                    version: 0,
                                    flags: U24Be(
                                        0,
                                    ),
                                },
                                entry_count: 2,
                                entries.len: 2,
                            },
                            stsz: Some(
                                SampleSizeBox {
                                    header: FullBoxHeader {
                                        header: BoxHeader {
                                            size: Short(
                                                580,
                                            ),
                                            box_type: FourCc(
                                                "stsz",
                                            ),
                                        },
                                        version: 0,
                                        flags: U24Be(
                                            0,
                                        ),
                                    },
                                    sample_size: 0,
                                    sample_count: 140,
                                    entry_size.len: 140,
                                },
                            ),
                            stz2: None,
                            stco: Some(
                                ChunkOffsetBox {
                                    header: FullBoxHeader {
                                        header: BoxHeader {
                                            size: Short(
                                                572,
                                            ),
                                            box_type: FourCc(
                                                "stco",
                                            ),
                                        },
                                        version: 0,
                                        flags: U24Be(
                                            0,
                                        ),
                                    },
                                    entry_count: 139,
                                    chunk_offset.len: 139,
                                },
                            ),
                            co64: None,
                            stss: Some(
                                SyncSampleBox {
                                    header: FullBoxHeader {
                                        header: BoxHeader {
                                            size: Short(
                                                20,
                                            ),
                                            box_type: FourCc(
                                                "stss",
                                            ),
                                        },
                                        version: 0,
                                        flags: U24Be(
                                            0,
                                        ),
                                    },
                                    entry_count: 1,
                                    sample_number: [
                                        1,
                                    ],
                                },
                            ),
                            stsh: None,
                            padb: None,
                            stdp: None,
                            sdtp: None,
                            sbgp: [],
                            sgpd: [],
                            subs: [],
                            saiz: [],
                            saio: [],
                            csgp: [],
                        },
                    },
                    unknown_boxes: [],
                },
                unknown_boxes: [],
                udta: None,
            },
            TrackBox {
                header: BoxHeader {
                    size: Short(
                        3381,
                    ),
                    box_type: FourCc(
                        "trak",
                    ),
                },
                tkhd: TrackHeaderBox {
                    header: FullBoxHeader {
                        header: BoxHeader {
                            size: Short(
                                92,
                            ),
                            box_type: FourCc(
                                "tkhd",
                            ),
                        },
                        version: 0,
                        flags: U24Be(
                            3,
                        ),
                    },
                    creation_time: 0,
                    modification_time: 0,
                    track_id: 2,
                    reserved1: 0,
                    duration: 4643,
                    reserved2: 0,
                    layer: 0,
                    alternate_group: 1,
                    volume: 256,
                    reserved3: 0,
                    matrix: [
                        65536,
                        0,
                        0,
                        0,
                        65536,
                        0,
                        0,
                        0,
                        1073741824,
                    ],
                    width: 0,
                    height: 0,
                },
                tref: None,
                trgr: None,
                edts: Some(
                    EditBox {
                        header: BoxHeader {
                            size: Short(
                                36,
                            ),
                            box_type: FourCc(
                                "edts",
                            ),
                        },
                        elst: Some(
                            EditListBox {
                                header: FullBoxHeader {
                                    header: BoxHeader {
                                        size: Short(
                                            28,
                                        ),
                                        box_type: FourCc(
                                            "elst",
                                        ),
                                    },
                                    version: 0,
                                    flags: U24Be(
                                        0,
                                    ),
                                },
                                entry_count: 1,
                                entries: [
                                    EditListBoxEntry {
                                        edit_duration: 4642,
                                        media_time: 1024,
                                        media_rate_integer: 1,
                                        media_rate_fraction: 0,
                                    },
                                ],
                            },
                        ),
                    },
                ),
                ttyp: None,
                meta: None,
                mdia: MediaBox {
                    header: BoxHeader {
                        size: Short(
                            3245,
                        ),
                        box_type: FourCc(
                            "mdia",
                        ),
                    },
                    mdhd: MediaHeaderBox {
                        header: FullBoxHeader {
                            header: BoxHeader {
                                size: Short(
                                    32,
                                ),
                                box_type: FourCc(
                                    "mdhd",
                                ),
                            },
                            version: 0,
                            flags: U24Be(
                                0,
                            ),
                        },
                        creation_time: 0,
                        modification_time: 0,
                        timescale: 44100,
                        duration: 204736,
                        language: Langauge(
                            [
                                21,
                                14,
                                4,
                            ],
                        ),
                        pre_defined: 0,
                    },
                    hdlr: HandlerBox {
                        header: FullBoxHeader {
                            header: BoxHeader {
                                size: Short(
                                    49,
                                ),
                                box_type: FourCc(
                                    "hdlr",
                                ),
                            },
                            version: 0,
                            flags: U24Be(
                                0,
                            ),
                        },
                        pre_defined: 0,
                        handler_type: HandlerType::Audio,
                        reserved: [
                            0,
                            0,
                            0,
                        ],
                        name: Utf8String(
                            "Core Media Audio",
                        ),
                    },
                    elng: None,
                    minf: MediaInformationBox {
                        header: BoxHeader {
                            size: Short(
                                3156,
                            ),
                            box_type: FourCc(
                                "minf",
                            ),
                        },
                        vmhd: None,
                        smhd: Some(
                            SoundMediaHeaderBox {
                                header: FullBoxHeader {
                                    header: BoxHeader {
                                        size: Short(
                                            16,
                                        ),
                                        box_type: FourCc(
                                            "smhd",
                                        ),
                                    },
                                    version: 0,
                                    flags: U24Be(
                                        0,
                                    ),
                                },
                                balance: 0,
                                reserved: 0,
                            },
                        ),
                        hmhd: None,
                        sthd: None,
                        vvhd: None,
                        unknown_boxes: [],
                        dinf: DataInformationBox {
                            header: BoxHeader {
                                size: Short(
                                    36,
                                ),
                                box_type: FourCc(
                                    "dinf",
                                ),
                            },
                            dref: DataReferenceBox {
                                header: FullBoxHeader {
                                    header: BoxHeader {
                                        size: Short(
                                            28,
                                        ),
                                        box_type: FourCc(
                                            "dref",
                                        ),
                                    },
                                    version: 0,
                                    flags: U24Be(
                                        0,
                                    ),
                                },
                                entry_count: 1,
                                url: [
                                    DataEntryUrlBox {
                                        header: FullBoxHeader {
                                            header: BoxHeader {
                                                size: Short(
                                                    12,
                                                ),
                                                box_type: FourCc(
                                                    "url ",
                                                ),
                                            },
                                            version: 0,
                                            flags: U24Be(
                                                1,
                                            ),
                                        },
                                        location: None,
                                    },
                                ],
                                urn: [],
                                imda: [],
                                snim: [],
                                unknown_boxes: [],
                            },
                        },
                        stbl: SampleTableBox {
                            header: BoxHeader {
                                size: Short(
                                    3096,
                                ),
                                box_type: FourCc(
                                    "stbl",
                                ),
                            },
                            stsd: SampleDescriptionBox {
                                header: FullBoxHeader {
                                    header: BoxHeader {
                                        size: Short(
                                            126,
                                        ),
                                        box_type: FourCc(
                                            "stsd",
                                        ),
                                    },
                                    version: 0,
                                    flags: U24Be(
                                        0,
                                    ),
                                },
                                entry_count: 1,
                                unknown_boxes: [
                                    UnknownBox {
                                        header: BoxHeader {
                                            size: Short(
                                                110,
                                            ),
                                            box_type: FourCc(
                                                "mp4a",
                                            ),
                                        },
                                        data.len: 102,
                                    },
                                ],
                            },
                            stts: TimeToSampleBox {
                                header: FullBoxHeader {
                                    header: BoxHeader {
                                        size: Short(
                                            32,
                                        ),
                                        box_type: FourCc(
                                            "stts",
                                        ),
                                    },
                                    version: 0,
                                    flags: U24Be(
                                        0,
                                    ),
                                },
                                entry_count: 2,
                                entries: [
                                    TimeToSampleBoxEntry {
                                        sample_count: 200,
                                        sample_delta: 1024,
                                    },
                                    TimeToSampleBoxEntry {
                                        sample_count: 1,
                                        sample_delta: 960,
                                    },
                                ],
                            },
                            ctts: None,
                            cslg: None,
                            stsc: SampleToChunkBox {
                                header: FullBoxHeader {
                                    header: BoxHeader {
                                        size: Short(
                                            1480,
                                        ),
                                        box_type: FourCc(
                                            "stsc",
                                        ),
                                    },
                                    version: 0,
                                    flags: U24Be(
                                        0,
                                    ),
                                },
                                entry_count: 122,
                                entries.len: 122,
                            },
                            stsz: Some(
                                SampleSizeBox {
                                    header: FullBoxHeader {
                                        header: BoxHeader {
                                            size: Short(
                                                824,
                                            ),
                                            box_type: FourCc(
                                                "stsz",
                                            ),
                                        },
                                        version: 0,
                                        flags: U24Be(
                                            0,
                                        ),
                                    },
                                    sample_size: 0,
                                    sample_count: 201,
                                    entry_size.len: 201,
                                },
                            ),
                            stz2: None,
                            stco: Some(
                                ChunkOffsetBox {
                                    header: FullBoxHeader {
                                        header: BoxHeader {
                                            size: Short(
                                                572,
                                            ),
                                            box_type: FourCc(
                                                "stco",
                                            ),
                                        },
                                        version: 0,
                                        flags: U24Be(
                                            0,
                                        ),
                                    },
                                    entry_count: 139,
                                    chunk_offset.len: 139,
                                },
                            ),
                            co64: None,
                            stss: None,
                            stsh: None,
                            padb: None,
                            stdp: None,
                            sdtp: None,
                            sbgp: [
                                SampleToGroupBox {
                                    header: FullBoxHeader {
                                        header: BoxHeader {
                                            size: Short(
                                                28,
                                            ),
                                            box_type: FourCc(
                                                "sbgp",
                                            ),
                                        },
                                        version: 0,
                                        flags: U24Be(
                                            0,
                                        ),
                                    },
                                    grouping_type: [
                                        114,
                                        111,
                                        108,
                                        108,
                                    ],
                                    grouping_type_parameter: None,
                                    entry_count: 1,
                                    entries: [
                                        SampleToGroupBoxEntry {
                                            sample_count: 201,
                                            group_description_index: 1,
                                        },
                                    ],
                                },
                            ],
                            sgpd: [
                                SampleGroupDescriptionBox {
                                    header: FullBoxHeader {
                                        header: BoxHeader {
                                            size: Short(
                                                26,
                                            ),
                                            box_type: FourCc(
                                                "sgpd",
                                            ),
                                        },
                                        version: 1,
                                        flags: U24Be(
                                            0,
                                        ),
                                    },
                                    grouping_type: [
                                        114,
                                        111,
                                        108,
                                        108,
                                    ],
                                    default_length: Some(
                                        2,
                                    ),
                                    default_group_description_index: None,
                                    entry_count: 1,
                                    entries: [
                                        SampleGroupDescriptionEntry {
                                            description_length: None,
                                            sample_group_description_entry: RollRecoveryEntry {
                                                roll_distance: -1,
                                            },
                                        },
                                    ],
                                },
                            ],
                            subs: [],
                            saiz: [],
                            saio: [],
                            csgp: [],
                        },
                    },
                    unknown_boxes: [],
                },
                unknown_boxes: [],
                udta: None,
            },
        ],
        mvex: None,
        unknown_boxes: [],
        udta: Some(
            UserDataBox {
                header: BoxHeader {
                    size: Short(
                        98,
                    ),
                    box_type: FourCc(
                        "udta",
                    ),
                },
                cprt: [],
                tsel: None,
                kind: [],
                strk: [],
                ludt: [],
                unknown_boxes: [
                    UnknownBox {
                        header: BoxHeader {
                            size: Short(
                                90,
                            ),
                            box_type: FourCc(
                                "meta",
                            ),
                        },
                        data.len: 82,
                    },
                ],
            },
        ),
    },
    moof: [],
    mdat: [
        MediaDataBox {
            header: BoxHeader {
                size: Short(
                    832486,
                ),
                box_type: FourCc(
                    "mdat",
                ),
            },
            data.len: 832478,
        },
    ],
    imda: [],
    meta: None,
    styp: [],
    sidx: [],
    ssix: [],
    prft: [],
    unknown_boxes: [
        UnknownBox {
            header: BoxHeader {
                size: Short(
                    8,
                ),
                box_type: FourCc(
                    "free",
                ),
            },
            data.len: 0,
        },
    ],
    mfra: None,
}
