---
source: crates/isobmff/src/conformance_tests.rs
expression: redeserialized_file
snapshot_kind: text
---
IsobmffFile {
    ftyp: Some(
        FileTypeBox {
            major_brand: Brand([109, 112, 52, 50]),
            minor_version: 1,
            compatible_brands: [
                Brand::IsoM,
                Brand([109, 112, 52, 50]),
                Brand([69, 78, 83, 84]),
                Brand::Iso2,
            ],
        },
    ),
    etyp: [],
    otyp: [],
    pdin: None,
    moov: Some(
        MovieBox {
            mvhd: MovieHeaderBox {
                full_header: FullBoxHeader {
                    version: 0,
                    flags: U24Be(
                        0,
                    ),
                },
                creation_time: 3234938075,
                modification_time: 3234938075,
                timescale: 600,
                duration: 6000,
                rate: 1,
                volume: 1,
                reserved1: 0,
                reserved2: 0,
                matrix: [
                    65536,
                    0,
                    0,
                    0,
                    65536,
                    0,
                    0,
                    0,
                    1073741824,
                ],
                pre_defined: [
                    0,
                    0,
                    0,
                    0,
                    0,
                    0,
                ],
                next_track_id: 4,
            },
            meta: None,
            trak: [
                TrackBox {
                    tkhd: TrackHeaderBox {
                        version: 0,
                        flags: TrackHeaderBoxFlags(
                            TrackEnabled,
                        ),
                        creation_time: 3234938075,
                        modification_time: 3519109087,
                        track_id: 1,
                        reserved1: 0,
                        duration: 600,
                        reserved2: 0,
                        layer: 0,
                        alternate_group: 0,
                        volume: 0,
                        reserved3: 0,
                        matrix: [
                            65536,
                            0,
                            0,
                            0,
                            65536,
                            0,
                            0,
                            0,
                            1073741824,
                        ],
                        width: 120,
                        height: 116,
                    },
                    tref: None,
                    trgr: None,
                    edts: None,
                    ttyp: None,
                    meta: None,
                    mdia: MediaBox {
                        mdhd: MediaHeaderBox {
                            full_header: FullBoxHeader {
                                version: 0,
                                flags: U24Be(
                                    0,
                                ),
                            },
                            creation_time: 3234938075,
                            modification_time: 3234938075,
                            timescale: 600,
                            duration: 600,
                            language: Langauge(
                                [
                                    21,
                                    14,
                                    4,
                                ],
                            ),
                            pre_defined: 0,
                        },
                        hdlr: HandlerBox {
                            full_header: FullBoxHeader {
                                version: 0,
                                flags: U24Be(
                                    0,
                                ),
                            },
                            pre_defined: 0,
                            handler_type: HandlerType([115, 100, 115, 109]),
                            reserved: [
                                0,
                                0,
                                0,
                            ],
                            name: Utf8String(
                                "GPAC MPEG-4 BIFS Handler",
                            ),
                        },
                        elng: None,
                        minf: MediaInformationBox {
                            vmhd: None,
                            smhd: None,
                            hmhd: None,
                            sthd: None,
                            vvhd: None,
                            unknown_boxes: [
                                UnknownBox {
                                    header: BoxHeader {
                                        size: Short(
                                            12,
                                        ),
                                        box_type: FourCc(
                                            "nmhd",
                                        ),
                                    },
                                    data.len: 4,
                                },
                            ],
                            dinf: DataInformationBox {
                                dref: DataReferenceBox {
                                    full_header: FullBoxHeader {
                                        version: 0,
                                        flags: U24Be(
                                            0,
                                        ),
                                    },
                                    entry_count: 1,
                                    url: [
                                        DataEntryUrlBox {
                                            full_header: FullBoxHeader {
                                                version: 0,
                                                flags: U24Be(
                                                    1,
                                                ),
                                            },
                                            location: None,
                                        },
                                    ],
                                    urn: [],
                                    imda: [],
                                    snim: [],
                                    unknown_boxes: [],
                                },
                            },
                            stbl: SampleTableBox {
                                stsd: SampleDescriptionBox {
                                    full_header: FullBoxHeader {
                                        version: 0,
                                        flags: U24Be(
                                            0,
                                        ),
                                    },
                                    entry_count: 1,
                                    boxes: [
                                        UnknownBox {
                                            header: BoxHeader {
                                                size: Short(
                                                    59,
                                                ),
                                                box_type: FourCc(
                                                    "mp4s",
                                                ),
                                            },
                                            data.len: 51,
                                        },
                                    ],
                                },
                                stts: TimeToSampleBox {
                                    full_header: FullBoxHeader {
                                        version: 0,
                                        flags: U24Be(
                                            0,
                                        ),
                                    },
                                    entry_count: 1,
                                    entries: [
                                        TimeToSampleBoxEntry {
                                            sample_count: 1,
                                            sample_delta: 600,
                                        },
                                    ],
                                },
                                ctts: None,
                                cslg: None,
                                stsc: SampleToChunkBox {
                                    full_header: FullBoxHeader {
                                        version: 0,
                                        flags: U24Be(
                                            0,
                                        ),
                                    },
                                    entry_count: 1,
                                    entries.len: 1,
                                },
                                stsz: Some(
                                    SampleSizeBox {
                                        full_header: FullBoxHeader {
                                            version: 0,
                                            flags: U24Be(
                                                0,
                                            ),
                                        },
                                        sample_size: 83,
                                        sample_count: 1,
                                        entry_size.len: 0,
                                    },
                                ),
                                stz2: None,
                                stco: Some(
                                    ChunkOffsetBox {
                                        full_header: FullBoxHeader {
                                            version: 0,
                                            flags: U24Be(
                                                0,
                                            ),
                                        },
                                        entry_count: 1,
                                        chunk_offset.len: 1,
                                    },
                                ),
                                co64: None,
                                stss: None,
                                stsh: None,
                                padb: None,
                                stdp: None,
                                sdtp: None,
                                sbgp: [],
                                sgpd: [],
                                subs: [],
                                saiz: [],
                                saio: [],
                                csgp: [],
                            },
                        },
                        unknown_boxes: [],
                    },
                    unknown_boxes: [],
                    udta: None,
                },
                TrackBox {
                    tkhd: TrackHeaderBox {
                        version: 0,
                        flags: TrackHeaderBoxFlags(
                            TrackEnabled,
                        ),
                        creation_time: 3234938075,
                        modification_time: 3519109087,
                        track_id: 2,
                        reserved1: 0,
                        duration: 600,
                        reserved2: 0,
                        layer: 0,
                        alternate_group: 0,
                        volume: 0,
                        reserved3: 0,
                        matrix: [
                            65536,
                            0,
                            0,
                            0,
                            65536,
                            0,
                            0,
                            0,
                            1073741824,
                        ],
                        width: 0,
                        height: 0,
                    },
                    tref: Some(
                        TrackReferenceBox {
                            track_reference_type: [
                                UnknownBox {
                                    header: BoxHeader {
                                        size: Short(
                                            12,
                                        ),
                                        box_type: FourCc(
                                            "sync",
                                        ),
                                    },
                                    data.len: 4,
                                },
                                UnknownBox {
                                    header: BoxHeader {
                                        size: Short(
                                            12,
                                        ),
                                        box_type: FourCc(
                                            "mpod",
                                        ),
                                    },
                                    data.len: 4,
                                },
                            ],
                        },
                    ),
                    trgr: None,
                    edts: None,
                    ttyp: None,
                    meta: None,
                    mdia: MediaBox {
                        mdhd: MediaHeaderBox {
                            full_header: FullBoxHeader {
                                version: 0,
                                flags: U24Be(
                                    0,
                                ),
                            },
                            creation_time: 3234938075,
                            modification_time: 3234938075,
                            timescale: 600,
                            duration: 600,
                            language: Langauge(
                                [
                                    21,
                                    14,
                                    4,
                                ],
                            ),
                            pre_defined: 0,
                        },
                        hdlr: HandlerBox {
                            full_header: FullBoxHeader {
                                version: 0,
                                flags: U24Be(
                                    0,
                                ),
                            },
                            pre_defined: 0,
                            handler_type: HandlerType([111, 100, 115, 109]),
                            reserved: [
                                0,
                                0,
                                0,
                            ],
                            name: Utf8String(
                                "GPAC MPEG-4 OD Handler",
                            ),
                        },
                        elng: None,
                        minf: MediaInformationBox {
                            vmhd: None,
                            smhd: None,
                            hmhd: None,
                            sthd: None,
                            vvhd: None,
                            unknown_boxes: [
                                UnknownBox {
                                    header: BoxHeader {
                                        size: Short(
                                            12,
                                        ),
                                        box_type: FourCc(
                                            "nmhd",
                                        ),
                                    },
                                    data.len: 4,
                                },
                            ],
                            dinf: DataInformationBox {
                                dref: DataReferenceBox {
                                    full_header: FullBoxHeader {
                                        version: 0,
                                        flags: U24Be(
                                            0,
                                        ),
                                    },
                                    entry_count: 1,
                                    url: [
                                        DataEntryUrlBox {
                                            full_header: FullBoxHeader {
                                                version: 0,
                                                flags: U24Be(
                                                    1,
                                                ),
                                            },
                                            location: None,
                                        },
                                    ],
                                    urn: [],
                                    imda: [],
                                    snim: [],
                                    unknown_boxes: [],
                                },
                            },
                            stbl: SampleTableBox {
                                stsd: SampleDescriptionBox {
                                    full_header: FullBoxHeader {
                                        version: 0,
                                        flags: U24Be(
                                            0,
                                        ),
                                    },
                                    entry_count: 1,
                                    boxes: [
                                        UnknownBox {
                                            header: BoxHeader {
                                                size: Short(
                                                    51,
                                                ),
                                                box_type: FourCc(
                                                    "mp4s",
                                                ),
                                            },
                                            data.len: 43,
                                        },
                                    ],
                                },
                                stts: TimeToSampleBox {
                                    full_header: FullBoxHeader {
                                        version: 0,
                                        flags: U24Be(
                                            0,
                                        ),
                                    },
                                    entry_count: 1,
                                    entries: [
                                        TimeToSampleBoxEntry {
                                            sample_count: 1,
                                            sample_delta: 600,
                                        },
                                    ],
                                },
                                ctts: None,
                                cslg: None,
                                stsc: SampleToChunkBox {
                                    full_header: FullBoxHeader {
                                        version: 0,
                                        flags: U24Be(
                                            0,
                                        ),
                                    },
                                    entry_count: 1,
                                    entries.len: 1,
                                },
                                stsz: Some(
                                    SampleSizeBox {
                                        full_header: FullBoxHeader {
                                            version: 0,
                                            flags: U24Be(
                                                0,
                                            ),
                                        },
                                        sample_size: 10,
                                        sample_count: 1,
                                        entry_size.len: 0,
                                    },
                                ),
                                stz2: None,
                                stco: Some(
                                    ChunkOffsetBox {
                                        full_header: FullBoxHeader {
                                            version: 0,
                                            flags: U24Be(
                                                0,
                                            ),
                                        },
                                        entry_count: 1,
                                        chunk_offset.len: 1,
                                    },
                                ),
                                co64: None,
                                stss: None,
                                stsh: None,
                                padb: None,
                                stdp: None,
                                sdtp: None,
                                sbgp: [],
                                sgpd: [],
                                subs: [],
                                saiz: [],
                                saio: [],
                                csgp: [],
                            },
                        },
                        unknown_boxes: [],
                    },
                    unknown_boxes: [],
                    udta: None,
                },
                TrackBox {
                    tkhd: TrackHeaderBox {
                        version: 0,
                        flags: TrackHeaderBoxFlags(
                            TrackEnabled,
                        ),
                        creation_time: 3234938075,
                        modification_time: 3519109087,
                        track_id: 3,
                        reserved1: 0,
                        duration: 6000,
                        reserved2: 0,
                        layer: 0,
                        alternate_group: 0,
                        volume: 0,
                        reserved3: 0,
                        matrix: [
                            65536,
                            0,
                            0,
                            0,
                            65536,
                            0,
                            0,
                            0,
                            1073741824,
                        ],
                        width: 120,
                        height: 96,
                    },
                    tref: Some(
                        TrackReferenceBox {
                            track_reference_type: [
                                UnknownBox {
                                    header: BoxHeader {
                                        size: Short(
                                            12,
                                        ),
                                        box_type: FourCc(
                                            "sync",
                                        ),
                                    },
                                    data.len: 4,
                                },
                            ],
                        },
                    ),
                    trgr: None,
                    edts: None,
                    ttyp: None,
                    meta: None,
                    mdia: MediaBox {
                        mdhd: MediaHeaderBox {
                            full_header: FullBoxHeader {
                                version: 0,
                                flags: U24Be(
                                    0,
                                ),
                            },
                            creation_time: 3234938075,
                            modification_time: 3234938110,
                            timescale: 25000,
                            duration: 250000,
                            language: Langauge(
                                [
                                    21,
                                    14,
                                    4,
                                ],
                            ),
                            pre_defined: 0,
                        },
                        hdlr: HandlerBox {
                            full_header: FullBoxHeader {
                                version: 0,
                                flags: U24Be(
                                    0,
                                ),
                            },
                            pre_defined: 0,
                            handler_type: HandlerType::Video,
                            reserved: [
                                0,
                                0,
                                0,
                            ],
                            name: Utf8String(
                                "GPAC ISO Video Handler",
                            ),
                        },
                        elng: None,
                        minf: MediaInformationBox {
                            vmhd: Some(
                                VideoMediaHeaderBox {
                                    full_header: FullBoxHeader {
                                        version: 0,
                                        flags: U24Be(
                                            1,
                                        ),
                                    },
                                    graphicsmode: 0,
                                    opcolor: [
                                        0,
                                        0,
                                        0,
                                    ],
                                },
                            ),
                            smhd: None,
                            hmhd: None,
                            sthd: None,
                            vvhd: None,
                            unknown_boxes: [],
                            dinf: DataInformationBox {
                                dref: DataReferenceBox {
                                    full_header: FullBoxHeader {
                                        version: 0,
                                        flags: U24Be(
                                            0,
                                        ),
                                    },
                                    entry_count: 1,
                                    url: [
                                        DataEntryUrlBox {
                                            full_header: FullBoxHeader {
                                                version: 0,
                                                flags: U24Be(
                                                    1,
                                                ),
                                            },
                                            location: None,
                                        },
                                    ],
                                    urn: [],
                                    imda: [],
                                    snim: [],
                                    unknown_boxes: [],
                                },
                            },
                            stbl: SampleTableBox {
                                stsd: SampleDescriptionBox {
                                    full_header: FullBoxHeader {
                                        version: 0,
                                        flags: U24Be(
                                            0,
                                        ),
                                    },
                                    entry_count: 1,
                                    boxes: [
                                        UnknownBox {
                                            header: BoxHeader {
                                                size: Short(
                                                    306,
                                                ),
                                                box_type: FourCc(
                                                    "encv",
                                                ),
                                            },
                                            data.len: 298,
                                        },
                                    ],
                                },
                                stts: TimeToSampleBox {
                                    full_header: FullBoxHeader {
                                        version: 0,
                                        flags: U24Be(
                                            0,
                                        ),
                                    },
                                    entry_count: 1,
                                    entries: [
                                        TimeToSampleBoxEntry {
                                            sample_count: 250,
                                            sample_delta: 1000,
                                        },
                                    ],
                                },
                                ctts: Some(
                                    CompositionOffsetBox {
                                        full_header: FullBoxHeader {
                                            version: 0,
                                            flags: U24Be(
                                                0,
                                            ),
                                        },
                                        entry_count: 170,
                                        entries.len: 170,
                                    },
                                ),
                                cslg: None,
                                stsc: SampleToChunkBox {
                                    full_header: FullBoxHeader {
                                        version: 0,
                                        flags: U24Be(
                                            0,
                                        ),
                                    },
                                    entry_count: 3,
                                    entries.len: 3,
                                },
                                stsz: Some(
                                    SampleSizeBox {
                                        full_header: FullBoxHeader {
                                            version: 0,
                                            flags: U24Be(
                                                0,
                                            ),
                                        },
                                        sample_size: 0,
                                        sample_count: 250,
                                        entry_size.len: 250,
                                    },
                                ),
                                stz2: None,
                                stco: Some(
                                    ChunkOffsetBox {
                                        full_header: FullBoxHeader {
                                            version: 0,
                                            flags: U24Be(
                                                0,
                                            ),
                                        },
                                        entry_count: 21,
                                        chunk_offset.len: 21,
                                    },
                                ),
                                co64: None,
                                stss: Some(
                                    SyncSampleBox {
                                        full_header: FullBoxHeader {
                                            version: 0,
                                            flags: U24Be(
                                                0,
                                            ),
                                        },
                                        entry_count: 10,
                                        sample_number: [
                                            1,
                                            26,
                                            51,
                                            76,
                                            101,
                                            126,
                                            151,
                                            176,
                                            201,
                                            226,
                                        ],
                                    },
                                ),
                                stsh: None,
                                padb: None,
                                stdp: None,
                                sdtp: None,
                                sbgp: [],
                                sgpd: [],
                                subs: [],
                                saiz: [],
                                saio: [],
                                csgp: [],
                            },
                        },
                        unknown_boxes: [],
                    },
                    unknown_boxes: [],
                    udta: None,
                },
            ],
            mvex: None,
            unknown_boxes: [
                UnknownBox {
                    header: BoxHeader {
                        size: Short(
                            33,
                        ),
                        box_type: FourCc(
                            "iods",
                        ),
                    },
                    data.len: 25,
                },
            ],
            udta: Some(
                UserDataBox {
                    cprt: [
                        CopyrightBox {
                            full_header: FullBoxHeader {
                                version: 0,
                                flags: U24Be(
                                    0,
                                ),
                            },
                            language: Langauge(
                                [
                                    21,
                                    14,
                                    4,
                                ],
                            ),
                            notice: Utf8String(
                                "ENST IsoMedia Conformance Files - ENST (c) 2006 - Rights released for ISO Conformance use",
                            ),
                        },
                    ],
                    tsel: None,
                    kind: [],
                    strk: [],
                    ludt: [],
                    unknown_boxes: [],
                },
            ),
        },
    ),
    moof: [],
    mdat: [
        MediaDataBox {
            data.len: 147227,
        },
    ],
    imda: [],
    meta: Some(
        MetaBox {
            full_header: FullBoxHeader {
                version: 0,
                flags: U24Be(
                    0,
                ),
            },
            hdlr: HandlerBox {
                full_header: FullBoxHeader {
                    version: 0,
                    flags: U24Be(
                        0,
                    ),
                },
                pre_defined: 0,
                handler_type: HandlerType([69, 78, 83, 84]),
                reserved: [
                    0,
                    0,
                    0,
                ],
                name: Utf8String(
                    "GPAC ENST Handler",
                ),
            },
            dinf: None,
            iloc: Some(
                ItemLocationBox {
                    full_header: FullBoxHeader {
                        version: 0,
                        flags: U24Be(
                            0,
                        ),
                    },
                    offset_size: 0,
                    length_size: 4,
                    base_offset_size: 4,
                    index_size: 0,
                    item_count: Some(
                        1,
                    ),
                    items: [
                        ItemLocationBoxItem {
                            item_id: Some(
                                1,
                            ),
                            construction_method: None,
                            data_reference_index: 0,
                            base_offset: 4556,
                            extent_count: 1,
                            extents: [
                                ItemLocationBoxExtent {
                                    item_reference_index: None,
                                    extent_offset: 0,
                                    extent_length: 213,
                                },
                            ],
                        },
                    ],
                },
            ),
            ipro: None,
            iinf: Some(
                ItemInfoBox {
                    full_header: FullBoxHeader {
                        version: 0,
                        flags: U24Be(
                            0,
                        ),
                    },
                    entry_count: 1,
                    item_infos: [
                        ItemInfoEntry {
                            full_header: FullBoxHeader {
                                version: 0,
                                flags: U24Be(
                                    0,
                                ),
                            },
                            item_id: Some(
                                1,
                            ),
                            item_protection_index: 0,
                            item_type: [
                                109,
                                105,
                                109,
                                101,
                            ],
                            item_name: Utf8String(
                                "drm.xml",
                            ),
                            item: Some(
                                Mime {
                                    content_type: Utf8String(
                                        "text/xml",
                                    ),
                                    content_encoding: Utf8String(
                                        "",
                                    ),
                                },
                            ),
                            extension_type: None,
                            extension: None,
                        },
                    ],
                },
            ),
            xml: None,
            bxml: None,
            pitm: None,
            fiin: None,
            idat: None,
            iref: None,
            iprp: None,
            grpl: None,
            unknown_boxes: [],
        },
    ),
    styp: [],
    sidx: [],
    ssix: [],
    prft: [],
    unknown_boxes: [
        UnknownBox {
            header: BoxHeader {
                size: Short(
                    71,
                ),
                box_type: FourCc(
                    "free",
                ),
            },
            data.len: 63,
        },
    ],
    mfra: None,
}
